// Jest Snapshot v1, https://goo.gl/fbAQLP

exports[`ComboBox matches snapshot 1`] = `
<DocumentFragment>
  <label
    class="combobox__label"
    for="city"
  >
    city
  </label>
  <select
    id="city"
    name="city"
  >
    <option
      value="Manchester"
    >
      Manchester
    </option>
    <option
      value="Leeds"
    >
      Leeds
    </option>
    <option
      value="Sheffield"
    >
      Sheffield
    </option>
    <option
      value="Liverpool"
    >
      Liverpool
    </option>
  </select>
</DocumentFragment>
`;
