// Jest Snapshot v1, https://goo.gl/fbAQLP

exports[`Navbar matches snapshot 1`] = `
<DocumentFragment>
  <nav
    class="navbar"
    data-testid="navbar"
  >
    <img
      alt="surreal estate logo"
      class="navbar__logo"
      data-testid="company-logo"
      src="/surreal-logo.png"
    />
    <ul
      class="navbar__links-list"
    >
      <li
        class="navbar__links-list-item"
      >
        <a
          class="navbar__link"
          href="/properties"
        >
          View Properties
        </a>
      </li>
      <li
        class="navbar__links-list-item"
      >
        <a
          class="navbar__link"
          href="/add-property"
        >
          Add Property
        </a>
      </li>
    </ul>
  </nav>
</DocumentFragment>
`;
