// Jest Snapshot v1, https://goo.gl/fbAQLP

exports[`SideBar matches snapshot 1`] = `
<DocumentFragment>
  <aside
    class="
        sidebar 
        sidebar--closed"
  >
    <button
      class="sidebar__button"
      type="button"
    >
      <span
        class="visibly-hidden"
      >
        Menu
      </span>
      <svg
        aria-hidden="true"
        class="
            sidebar__icon
            sidebar__icon--closed"
        fill="currentColor"
        focusable="false"
        height="1em"
        stroke="currentColor"
        stroke-width="0"
        viewBox="0 0 448 512"
        width="1em"
        xmlns="http://www.w3.org/2000/svg"
      >
        <title>
          open menu
        </title>
        <path
          d="M416 208H272V64c0-17.67-14.33-32-32-32h-32c-17.67 0-32 14.33-32 32v144H32c-17.67 0-32 14.33-32 32v32c0 17.67 14.33 32 32 32h144v144c0 17.67 14.33 32 32 32h32c17.67 0 32-14.33 32-32V304h144c17.67 0 32-14.33 32-32v-32c0-17.67-14.33-32-32-32z"
        />
      </svg>
    </button>
    <section
      class="sidebar__section"
    >
      <h3>
        City
      </h3>
      <ul
        class="sidebar__link-list"
      >
        <li>
          <a
            class="sidebar__link--active"
            href="/?query={}"
          >
            All
          </a>
        </li>
        <li>
          <a
            class="sidebar__link"
            href="/?query={\\"city\\":\\"Leeds\\"}"
          >
            Leeds
          </a>
        </li>
        <li>
          <a
            class="sidebar__link"
            href="/?query={\\"city\\":\\"Liverpool\\"}"
          >
            Liverpool
          </a>
        </li>
        <li>
          <a
            class="sidebar__link"
            href="/?query={\\"city\\":\\"Manchester\\"}"
          >
            Manchester
          </a>
        </li>
        <li>
          <a
            class="sidebar__link"
            href="/?query={\\"city\\":\\"Sheffield\\"}"
          >
            Sheffield
          </a>
        </li>
      </ul>
    </section>
    <section
      class="sidebar__section"
    >
      <h3>
        Price
      </h3>
      <ul
        class="sidebar__link-list"
      >
        <li>
          <a
            class="sidebar__link--active"
            href="/?sort={\\"price\\":-1}"
          >
            Ascending
          </a>
        </li>
        <li>
          <a
            class="sidebar__link"
            href="/?sort={\\"price\\":1}"
          >
            Descending
          </a>
        </li>
      </ul>
    </section>
  </aside>
</DocumentFragment>
`;
