// Jest Snapshot v1, https://goo.gl/fbAQLP

exports[`SpinButton matches snapshot 1`] = `
<DocumentFragment>
  <label
    class="spinbutton__label"
    for="bedrooms"
  >
    bedrooms 
  </label>
  <input
    id="bedrooms"
    min="0"
    name="bedrooms"
    step="1"
    type="number"
    value="0"
  />
</DocumentFragment>
`;
