// Jest Snapshot v1, https://goo.gl/fbAQLP

exports[`SpinButton matches snapshot 1`] = `
<DocumentFragment>
  <label
    for="bedrooms"
  >
    bedrooms $
    <input
      id="bedrooms"
      min="0"
      name="bedrooms"
      step="1"
      type="number"
      value="1"
    />
  </label>
</DocumentFragment>
`;
