// Jest Snapshot v1, https://goo.gl/fbAQLP

exports[`TextBox matches snapshot 1`] = `
<DocumentFragment>
  <label
    class="textbox__label"
    for="title"
  >
    title
    <input
      id="title"
      maxlength="64"
      name="title"
      required=""
      type="text"
      value=""
    />
  </label>
</DocumentFragment>
`;
