// Jest Snapshot v1, https://goo.gl/fbAQLP

exports[`TextBox matches snapshot 1`] = `
<DocumentFragment>
  <div
    class="textbox"
  >
    <label
      class="textbox__label"
      for="title"
    >
      title
    </label>
    <input
      id="title"
      maxlength="64"
      name="title"
      type="text"
      value=""
    />
  </div>
</DocumentFragment>
`;
